PROCEDURE
ID[METHOD]
BEGIN
ID[int]
ID[x]
ASSIGN
COSNT[2023]
SEMICOLON
ID[output]
ID[x]
SEMICOLON
ID[int]
ID[y]
ASSIGN
ID[x]
MULTIPLY
ID[x]
SEMICOLON
ID[output]
ID[y]
SEMICOLON
ID[int]
ID[z]
ASSIGN
ID[x]
ADD
ID[y]
SEMICOLON
ID[result]
SEMICOLON
END
