ERROR: Unknown Script "\"
ERROR: Unknown Script "\"
